[portafolio-yormi.github.io/Jins-new-york/index.html]
[backblue.gif]
[fade.gif]
[index.html]
[portafolio-yormi.github.io/Jins-new-york/img/logo.ico]
[portafolio-yormi.github.io/Jins-new-york/css/components.css]
[portafolio-yormi.github.io/Jins-new-york/css/responsee.css]
[portafolio-yormi.github.io/Jins-new-york/css/styles.css]
[portafolio-yormi.github.io/Jins-new-york/owl-carousel/owl.carousel.css]
[portafolio-yormi.github.io/Jins-new-york/owl-carousel/owl.theme.css]
[portafolio-yormi.github.io/Jins-new-york/js/jquery-1.8.3.min.js]
[portafolio-yormi.github.io/Jins-new-york/js/jquery-ui.min.js]
[portafolio-yormi.github.io/Jins-new-york/js/modernizr.js]
[portafolio-yormi.github.io/Jins-new-york/js/responsee.js]
[portafolio-yormi.github.io/Jins-new-york/img/logo.png]
[portafolio-yormi.github.io/Jins-new-york/index-2.html]
[portafolio-yormi.github.io/Jins-new-york/galeria.html]
[portafolio-yormi.github.io/Jins-new-york/contacto.html]
[portafolio-yormi.github.io/Jins-new-york/img/940x380.jpg]
[portafolio-yormi.github.io/Jins-new-york/img/940x380-1.jpg]
[portafolio-yormi.github.io/Jins-new-york/img/940x380-2.jpg]
[portafolio-yormi.github.io/Jins-new-york/img/940x380-3.jpg]
[portafolio-yormi.github.io/Jins-new-york/img/quienes.jpg]
[portafolio-yormi.github.io/Jins-new-york/img/quienes-2.jpg]
[portafolio-yormi.github.io/Jins-new-york/owl-carousel/owl.carousel.js]
[portafolio-yormi.github.io/Jins-new-york/index.html]
[portafolio-yormi.github.io/Jins-new-york/font/mfglabsiconset-webfont.eot]
[portafolio-yormi.github.io/Jins-new-york/font/mfglabsiconset-webfont.svg]
[portafolio-yormi.github.io/Jins-new-york/font/mfglabsiconset-webfontd41d.eot]
[portafolio-yormi.github.io/Jins-new-york/font/mfglabsiconset-webfont.woff]
[portafolio-yormi.github.io/Jins-new-york/font/mfglabsiconset-webfont.ttf]
[portafolio-yormi.github.io/Jins-new-york/css/components.css]
[portafolio-yormi.github.io/Jins-new-york/css/responsee.css]
[portafolio-yormi.github.io/Jins-new-york/img/fondo.jpg]
[portafolio-yormi.github.io/Jins-new-york/css/styles.css]
[portafolio-yormi.github.io/Jins-new-york/owl-carousel/grabbing.png]
[portafolio-yormi.github.io/Jins-new-york/owl-carousel/owl.carousel.css]
[portafolio-yormi.github.io/Jins-new-york/owl-carousel/AjaxLoader.gif]
[portafolio-yormi.github.io/Jins-new-york/owl-carousel/owl.theme.css]
[portafolio-yormi.github.io/Jins-new-york/index-2.html]
[portafolio-yormi.github.io/Jins-new-york/dist/css/lightgallery.css]
[portafolio-yormi.github.io/Jins-new-york/img/thumb-1.jpg]
[portafolio-yormi.github.io/Jins-new-york/img/thumb-2.jpg]
[portafolio-yormi.github.io/Jins-new-york/img/thumb-3.jpg]
[portafolio-yormi.github.io/Jins-new-york/img/thumb-4.jpg]
[portafolio-yormi.github.io/Jins-new-york/img/thumb-5.jpg]
[portafolio-yormi.github.io/Jins-new-york/img/thumb-6.jpg]
[portafolio-yormi.github.io/Jins-new-york/img/thumb-7.jpg]
[portafolio-yormi.github.io/Jins-new-york/img/thumb-8.jpg]
[portafolio-yormi.github.io/Jins-new-york/img/thumb-9.jpg]
[portafolio-yormi.github.io/Jins-new-york/img/thumb-10.jpg]
[portafolio-yormi.github.io/Jins-new-york/img/thumb-11.jpg]
[portafolio-yormi.github.io/Jins-new-york/img/thumb-12.jpg]
[portafolio-yormi.github.io/Jins-new-york/img/thumb-13.jpg]
[portafolio-yormi.github.io/Jins-new-york/img/thumb-14.jpg]
[portafolio-yormi.github.io/Jins-new-york/img/thumb-15.jpg]
[portafolio-yormi.github.io/Jins-new-york/img/thumb-16.jpg]
[portafolio-yormi.github.io/Jins-new-york/img/thumb-17.jpg]
[portafolio-yormi.github.io/Jins-new-york/img/thumb-18.jpg]
[portafolio-yormi.github.io/Jins-new-york/img/thumb-19.jpg]
[portafolio-yormi.github.io/Jins-new-york/img/thumb-20.jpg]
[portafolio-yormi.github.io/Jins-new-york/img/thumb-21.jpg]
[portafolio-yormi.github.io/Jins-new-york/img/thumb-22.jpg]
[portafolio-yormi.github.io/Jins-new-york/img/thumb-23.jpg]
[portafolio-yormi.github.io/Jins-new-york/img/thumb-24.jpg]
[portafolio-yormi.github.io/Jins-new-york/img/thumb-25.jpg]
[portafolio-yormi.github.io/Jins-new-york/img/thumb-26.jpg]
[portafolio-yormi.github.io/Jins-new-york/img/thumb-27.jpg]
[portafolio-yormi.github.io/Jins-new-york/img/thumb-28.jpg]
[portafolio-yormi.github.io/Jins-new-york/img/thumb-29.jpg]
[portafolio-yormi.github.io/Jins-new-york/img/thumb-30.jpg]
[portafolio-yormi.github.io/Jins-new-york/img/thumb-31.jpg]
[portafolio-yormi.github.io/Jins-new-york/img/thumb-32.jpg]
[portafolio-yormi.github.io/Jins-new-york/img/thumb-33.jpg]
[portafolio-yormi.github.io/Jins-new-york/img/thumb-34.jpg]
[portafolio-yormi.github.io/Jins-new-york/img/thumb-35.jpg]
[portafolio-yormi.github.io/Jins-new-york/img/thumb-36.jpg]
[portafolio-yormi.github.io/Jins-new-york/img/thumb-37.jpg]
[portafolio-yormi.github.io/Jins-new-york/img/thumb-38.jpg]
[portafolio-yormi.github.io/Jins-new-york/img/thumb-39.jpg]
[portafolio-yormi.github.io/Jins-new-york/img/thumb-40.jpg]
[cdn.jsdelivr.net/picturefill/2.3.1/picturefill.min.js]
[portafolio-yormi.github.io/Jins-new-york/dist/js/lightgallery.js]
[portafolio-yormi.github.io/Jins-new-york/dist/js/lg-fullscreen.js]
[portafolio-yormi.github.io/Jins-new-york/dist/js/lg-thumbnail.js]
[portafolio-yormi.github.io/Jins-new-york/dist/js/lg-video.js]
[portafolio-yormi.github.io/Jins-new-york/dist/js/lg-autoplay.js]
[portafolio-yormi.github.io/Jins-new-york/dist/js/lg-zoom.js]
[portafolio-yormi.github.io/Jins-new-york/dist/js/lg-hash.js]
[portafolio-yormi.github.io/Jins-new-york/dist/js/lg-pager.js]
[portafolio-yormi.github.io/Jins-new-york/lib/jquery.mousewheel.min.js]
[portafolio-yormi.github.io/Jins-new-york/galeria.html]
[portafolio-yormi.github.io/Jins-new-york/css/formulario.css]
[ajax.googleapis.com/ajax/libs/jquery/1.5.2/jquery.min.js]
[portafolio-yormi.github.io/Jins-new-york/img/baner-contac.jpg]
[portafolio-yormi.github.io/Jins-new-york/img/phone.png]
[portafolio-yormi.github.io/Jins-new-york/img/email.png]
[portafolio-yormi.github.io/Jins-new-york/img/localizacion-2.png]
[portafolio-yormi.github.io/Jins-new-york/contacto.html]
[portafolio-yormi.github.io/Jins-new-york/font/mfglabsiconset-webfont.svg]
[portafolio-yormi.github.io/Jins-new-york/js/formulario.js]
[portafolio-yormi.github.io/Jins-new-york/dist/fonts/lgd641.eot]
[portafolio-yormi.github.io/Jins-new-york/dist/fonts/lgd41d.eot]
[portafolio-yormi.github.io/Jins-new-york/dist/fonts/lgd641.woff]
[portafolio-yormi.github.io/Jins-new-york/dist/fonts/lgd641.ttf]
[portafolio-yormi.github.io/Jins-new-york/dist/fonts/lgd641.svg]
[portafolio-yormi.github.io/Jins-new-york/dist/img/vimeo-play.png]
[portafolio-yormi.github.io/Jins-new-york/dist/img/video-play.png]
[portafolio-yormi.github.io/Jins-new-york/dist/img/youtube-play.png]
[portafolio-yormi.github.io/Jins-new-york/dist/img/loading.gif]
[portafolio-yormi.github.io/Jins-new-york/dist/css/lightgallery.css]
[portafolio-yormi.github.io/Jins-new-york/css/formulario.css]
[portafolio-yormi.github.io/Jins-new-york/dist/fonts/lgd641.svg]
